
Discarded input sections

 .group         0x00000000        0xc /tmp/cczhSOUd.o
 .group         0x00000000        0xc /tmp/cczhSOUd.o

Memory Configuration

Name             Origin             Length             Attributes
FLASH            0x08000000         0x00010000         xr
RAM              0x20000000         0x00005000         xrw
*default*        0x00000000         0xffffffff

Linker script and memory map

LOAD /tmp/cczhSOUd.o
LOAD /tmp/ccaxFlwi.o
                0x20005000                        _stack_top = (ORIGIN (RAM) + LENGTH (RAM))

.text           0x08000000      0x14c
 *(.isr_vector)
 .isr_vector    0x08000000       0x40 /tmp/ccaxFlwi.o
 *(.text*)
 .text          0x08000040       0xc8 /tmp/cczhSOUd.o
                0x08000040                main
 .text          0x08000108       0x44 /tmp/ccaxFlwi.o
                0x08000108                Reset_Handler
                0x08000134                Default_Handler
 *(.rodata*)

.glue_7         0x0800014c        0x0
 .glue_7        0x0800014c        0x0 linker stubs

.glue_7t        0x0800014c        0x0
 .glue_7t       0x0800014c        0x0 linker stubs

.vfp11_veneer   0x0800014c        0x0
 .vfp11_veneer  0x0800014c        0x0 linker stubs

.v4_bx          0x0800014c        0x0
 .v4_bx         0x0800014c        0x0 linker stubs

.iplt           0x0800014c        0x0
 .iplt          0x0800014c        0x0 /tmp/ccaxFlwi.o

.rel.dyn        0x0800014c        0x0
 .rel.iplt      0x0800014c        0x0 /tmp/ccaxFlwi.o

.data           0x20000000        0x0 load address 0x0800014c
                0x20000000                        _sdata = .
 *(.data*)
 .data          0x20000000        0x0 /tmp/cczhSOUd.o
 .data          0x20000000        0x0 /tmp/ccaxFlwi.o
                0x20000000                        _edata = .
                0x0800014c                        _sidata = LOADADDR (.data)

.igot.plt       0x20000000        0x0 load address 0x0800014c
 .igot.plt      0x20000000        0x0 /tmp/ccaxFlwi.o

.bss            0x20000000        0x0 load address 0x0800014c
                0x20000000                        _sbss = .
 *(.bss*)
 .bss           0x20000000        0x0 /tmp/cczhSOUd.o
 .bss           0x20000000        0x0 /tmp/ccaxFlwi.o
 *(COMMON)
                0x20000000                        _ebss = .
OUTPUT(blinky.elf elf32-littlearm)
LOAD linker stubs

.debug_info     0x00000000       0xe4
 .debug_info    0x00000000       0xb3 /tmp/cczhSOUd.o
 .debug_info    0x000000b3       0x31 /tmp/ccaxFlwi.o

.debug_abbrev   0x00000000       0x97
 .debug_abbrev  0x00000000       0x6f /tmp/cczhSOUd.o
 .debug_abbrev  0x0000006f       0x28 /tmp/ccaxFlwi.o

.debug_aranges  0x00000000       0x40
 .debug_aranges
                0x00000000       0x20 /tmp/cczhSOUd.o
 .debug_aranges
                0x00000020       0x20 /tmp/ccaxFlwi.o

.debug_macro    0x00000000      0xe76
 .debug_macro   0x00000000       0x68 /tmp/cczhSOUd.o
 .debug_macro   0x00000068      0xac0 /tmp/cczhSOUd.o
 .debug_macro   0x00000b28      0x34e /tmp/cczhSOUd.o

.debug_line     0x00000000      0x133
 .debug_line    0x00000000       0xd0 /tmp/cczhSOUd.o
 .debug_line    0x000000d0       0x63 /tmp/ccaxFlwi.o

.debug_str      0x00000000     0x3974
 .debug_str     0x00000000     0x3974 /tmp/cczhSOUd.o
                               0x3aaf (size before relaxing)
 .debug_str     0x00003974       0x3d /tmp/ccaxFlwi.o

.comment        0x00000000       0x26
 .comment       0x00000000       0x26 /tmp/cczhSOUd.o
                                 0x27 (size before relaxing)

.ARM.attributes
                0x00000000       0x2b
 .ARM.attributes
                0x00000000       0x2d /tmp/cczhSOUd.o
 .ARM.attributes
                0x0000002d       0x21 /tmp/ccaxFlwi.o

.debug_frame    0x00000000       0x6c
 .debug_frame   0x00000000       0x6c /tmp/cczhSOUd.o

.debug_line_str
                0x00000000       0x23
 .debug_line_str
                0x00000000       0x23 /tmp/ccaxFlwi.o
